// Jest Snapshot v1, https://jestjs.io/docs/snapshot-testing

exports[`Header component matches snapshot and renders nav 1`] = `
<DocumentFragment>
  <header
    class="fixed top-0 z-50 w-full bg-white/90 shadow-sm backdrop-blur-md"
  >
    <nav
      class="mx-auto flex max-w-6xl items-center justify-between px-6 py-4"
    >
      <img
        alt="PAYNOVEX Logo"
        class="h-8"
        src="/paynovex-logo.png"
      />
      <div
        class="hidden gap-6 text-sm font-medium md:flex"
      >
        <a
          class="hover:text-[#0B5FFF]"
          href="#services"
        >
          Services
        </a>
        <a
          class="hover:text-[#0B5FFF]"
          href="#apis"
        >
          APIs
        </a>
        <a
          class="hover:text-[#0B5FFF]"
          href="#solutions"
        >
          Solutions
        </a>
        <a
          class="hover:text-[#0B5FFF]"
          href="#pricing"
        >
          Pricing
        </a>
        <a
          class="hover:text-[#0B5FFF]"
          href="#company"
        >
          Company
        </a>
        <a
          class="hover:text-[#0B5FFF]"
          href="#contact"
        >
          Contact
        </a>
      </div>
      <div
        class="flex items-center gap-3"
      >
        <button
          class="hidden rounded-md bg-[#0B5FFF] px-4 py-2 text-white md:inline-flex"
        >
          Get Started
        </button>
        <button
          class="hidden rounded-md border border-[#0B5FFF] px-4 py-2 text-[#0B5FFF] md:inline-flex"
        >
          Request Demo
        </button>
        <button
          aria-label="Toggle navigation menu"
          class="inline-flex rounded-md border border-slate-200 bg-white/90 p-2 text-slate-900 shadow-sm transition hover:bg-white md:hidden"
        >
          <svg
            class="lucide lucide-menu h-5 w-5"
            fill="none"
            height="24"
            stroke="currentColor"
            stroke-linecap="round"
            stroke-linejoin="round"
            stroke-width="2"
            viewBox="0 0 24 24"
            width="24"
            xmlns="http://www.w3.org/2000/svg"
          >
            <line
              x1="4"
              x2="20"
              y1="12"
              y2="12"
            />
            <line
              x1="4"
              x2="20"
              y1="6"
              y2="6"
            />
            <line
              x1="4"
              x2="20"
              y1="18"
              y2="18"
            />
          </svg>
        </button>
      </div>
    </nav>
    <div
      class="md:hidden max-h-0 opacity-0 overflow-hidden bg-white/95 transition-all duration-300"
    >
      <div
        class="space-y-4 border-t border-slate-200 px-6 py-5"
      >
        <a
          class="block rounded-2xl px-4 py-3 text-base font-medium text-slate-900 transition hover:bg-slate-100"
          href="#services"
        >
          Services
        </a>
        <a
          class="block rounded-2xl px-4 py-3 text-base font-medium text-slate-900 transition hover:bg-slate-100"
          href="#apis"
        >
          APIs
        </a>
        <a
          class="block rounded-2xl px-4 py-3 text-base font-medium text-slate-900 transition hover:bg-slate-100"
          href="#solutions"
        >
          Solutions
        </a>
        <a
          class="block rounded-2xl px-4 py-3 text-base font-medium text-slate-900 transition hover:bg-slate-100"
          href="#pricing"
        >
          Pricing
        </a>
        <a
          class="block rounded-2xl px-4 py-3 text-base font-medium text-slate-900 transition hover:bg-slate-100"
          href="#company"
        >
          Company
        </a>
        <a
          class="block rounded-2xl px-4 py-3 text-base font-medium text-slate-900 transition hover:bg-slate-100"
          href="#contact"
        >
          Contact
        </a>
        <div
          class="grid gap-3 pt-3"
        >
          <button
            class="w-full rounded-2xl bg-[#0B5FFF] px-4 py-3 text-sm font-semibold text-white"
          >
            Get Started
          </button>
          <button
            class="w-full rounded-2xl border border-slate-200 px-4 py-3 text-sm font-semibold text-slate-900"
          >
            Request Demo
          </button>
        </div>
      </div>
    </div>
  </header>
</DocumentFragment>
`;
